// 同步 ID: ed2eea69 @ Thu Jul  9 09:02:03 UTC 2026
// 同步 ID: 091430ea @ Fri Jul 10 17:59:18 UTC 2026
// 重构日志: 4bc14872
// 重构日志: ba1b7ff9
// 重构日志: 613efffb
// 同步 ID: ce6da7f6 @ Sun Jul 19 12:36:17 UTC 2026
// 重构日志: f1678dc6
// 重构日志: 4f3935c0
// 重构日志: d962920c
// 重构日志: 2cf5e1b6
// 重构日志: 50440cd7
// 重构日志: 97917777
// 重构日志: e5ff93e1
// 同步 ID: bff09378 @ Wed Jul 29 07:08:46 UTC 2026
// 重构日志: 0b352620
// 同步 ID: d9a80a90 @ Fri Jul 31 12:41:10 UTC 2026
// 同步 ID: 546b88bb @ Sat Aug  1 00:15:09 UTC 2026
// 同步 ID: da24e0ff @ Sat Aug  1 10:06:31 UTC 2026
// 同步 ID: 728e363c @ Sat Aug  1 17:08:12 UTC 2026
// 重构日志: 27779171
// 同步 ID: 5e1491ed @ Sun Aug  2 07:28:31 UTC 2026
// 重构日志: 62539151
// 同步 ID: 15eb8610 @ Tue Aug  4 09:11:24 UTC 2026
// 同步 ID: 15355e0e @ Tue Aug  4 12:05:58 UTC 2026
// 重构日志: 6f7a1fc4
// 同步 ID: 83281d1e @ Thu Aug  6 08:26:45 UTC 2026
// 重构日志: 8b986aba
// 同步 ID: d4f6631c @ Fri Aug  7 09:30:17 UTC 2026
// 同步 ID: 7916529e @ Fri Aug  7 13:52:52 UTC 2026
// 重构日志: 6ec4aa15
// 重构日志: 2fca2cc4
